CCS PCM C Compiler, Version 4.010, 35536               29-oct.-13 13:45

               Filename: practica03.lst

               ROM used: 900 words (11%)
                         Largest free fragment is 2048
               RAM used: 23 (6%) at main() level
                         56 (15%) worst case
               Stack:    8 worst case (2 in main + 6 for interrupts)

*
0000:  MOVLW  00
0001:  MOVWF  0A
0002:  GOTO   320
0003:  NOP
0004:  MOVWF  7F
0005:  SWAPF  03,W
0006:  CLRF   03
0007:  MOVWF  21
0008:  MOVF   0A,W
0009:  MOVWF  20
000A:  CLRF   0A
000B:  MOVF   04,W
000C:  MOVWF  22
000D:  MOVF   77,W
000E:  MOVWF  23
000F:  MOVF   78,W
0010:  MOVWF  24
0011:  MOVF   79,W
0012:  MOVWF  25
0013:  MOVF   7A,W
0014:  MOVWF  26
0015:  MOVF   7B,W
0016:  MOVWF  27
0017:  BCF    03.7
0018:  BCF    03.5
0019:  BTFSS  0B.4
001A:  GOTO   01D
001B:  BTFSC  0B.1
001C:  GOTO   030
001D:  MOVF   22,W
001E:  MOVWF  04
001F:  MOVF   23,W
0020:  MOVWF  77
0021:  MOVF   24,W
0022:  MOVWF  78
0023:  MOVF   25,W
0024:  MOVWF  79
0025:  MOVF   26,W
0026:  MOVWF  7A
0027:  MOVF   27,W
0028:  MOVWF  7B
0029:  MOVF   20,W
002A:  MOVWF  0A
002B:  SWAPF  21,W
002C:  MOVWF  03
002D:  SWAPF  7F,F
002E:  SWAPF  7F,W
002F:  RETFIE
0030:  BCF    0A.3
0031:  BCF    0A.4
0032:  GOTO   284
.................... #include <16f877a.h> 
.................... //////// Standard Header file for the PIC16F877A device //////////////// 
.................... #device PIC16F877A 
.................... #list 
....................  
.................... #fuses XT,NOWDT, PUT, NOWRT 
.................... #use delay(clock=4000000) 
*
0143:  MOVLW  46
0144:  MOVWF  04
0145:  BCF    03.7
0146:  MOVF   00,W
0147:  BTFSC  03.2
0148:  GOTO   157
0149:  MOVLW  01
014A:  MOVWF  78
014B:  CLRF   77
014C:  DECFSZ 77,F
014D:  GOTO   14C
014E:  DECFSZ 78,F
014F:  GOTO   14B
0150:  MOVLW  4A
0151:  MOVWF  77
0152:  DECFSZ 77,F
0153:  GOTO   152
0154:  GOTO   155
0155:  DECFSZ 00,F
0156:  GOTO   149
0157:  RETLW  00
.................... #include <lcd.c> 
.................... /////////////////////////////////////////////////////////////////////////// 
.................... ////                             LCDD.C                                //// 
.................... ////                 Driver for common LCD modules                     //// 
.................... ////                                                                   //// 
.................... ////  lcd_init()   Must be called before any other function.           //// 
.................... ////                                                                   //// 
.................... ////  lcd_putc(c)  Will display c on the next position of the LCD.     //// 
.................... ////                     The following have special meaning:           //// 
.................... ////                      \f  Clear display                            //// 
.................... ////                      \n  Go to start of second line               //// 
.................... ////                      \b  Move back one position                   //// 
.................... ////                                                                   //// 
.................... ////  lcd_gotoxy(x,y) Set write position on LCD (upper left is 1,1)    //// 
.................... ////                                                                   //// 
.................... ////  lcd_getc(x,y)   Returns character at position x,y on LCD         //// 
.................... ////                                                                   //// 
.................... /////////////////////////////////////////////////////////////////////////// 
.................... ////        (C) Copyright 1996,2003 Custom Computer Services           //// 
.................... //// This source code may only be used by licensed users of the CCS C  //// 
.................... //// compiler.  This source code may only be distributed to other      //// 
.................... //// licensed users of the CCS C compiler.  No other use, reproduction //// 
.................... //// or distribution is permitted without written permission.          //// 
.................... //// Derivative programs created using this software in object code    //// 
.................... //// form are not restricted in any way.                               //// 
.................... /////////////////////////////////////////////////////////////////////////// 
....................  
.................... // As defined in the following structure the pin connection is as follows: 
.................... //     D0  enable 
.................... //     D1  rs 
.................... //     D2  rw 
.................... //     D4  D4 
.................... //     D5  D5 
.................... //     D6  D6 
.................... //     D7  D7 
.................... // 
.................... //   LCD pins D0-D3 are not used and PIC D3 is not used. 
....................  
.................... // Un-comment the following define to use port B 
.................... // #define use_portb_lcd TRUE 
....................  
....................  
.................... struct lcd_pin_map {                 // This structure is overlayed 
....................            BOOLEAN enable;           // on to an I/O port to gain 
....................            BOOLEAN rs;               // access to the LCD pins. 
....................            BOOLEAN rw;               // The bits are allocated from 
....................            BOOLEAN unused;           // low order up.  ENABLE will 
....................            int     data : 4;         // be pin B0. 
....................         } lcd; 
....................  
....................  
.................... #if defined use_portb_lcd 
....................    #locate lcd = getenv("sfr:PORTB")    // This puts the entire structure over the port 
....................    #define set_tris_lcd(x) set_tris_b(x) 
.................... #else 
....................    #locate lcd = getenv("sfr:PORTD")    // This puts the entire structure over the port 
....................    #define set_tris_lcd(x) set_tris_d(x) 
.................... #endif 
....................  
....................  
.................... #define lcd_type 2           // 0=5x7, 1=5x10, 2=2 lines 
.................... #define lcd_line_two 0x40    // LCD RAM address for the second line 
....................  
....................  
.................... BYTE const LCD_INIT_STRING[4] = {0x20 | (lcd_type << 2), 0xc, 1, 6}; 
....................                              // These bytes need to be sent to the LCD 
....................                              // to start it up. 
....................  
....................  
....................                              // The following are used for setting 
....................                              // the I/O port direction register. 
....................  
.................... struct lcd_pin_map const LCD_WRITE = {0,0,0,0,0}; // For write mode all pins are out 
.................... struct lcd_pin_map const LCD_READ = {0,0,0,0,15}; // For read mode data pins are in 
....................  
....................  
....................  
.................... BYTE lcd_read_byte() { 
....................       BYTE low,high; 
....................       set_tris_lcd(LCD_READ); 
*
00E9:  MOVLW  F0
00EA:  BSF    03.5
00EB:  MOVWF  08
....................       lcd.rw = 1; 
00EC:  BCF    03.5
00ED:  BSF    08.2
....................       delay_cycles(1); 
00EE:  NOP
....................       lcd.enable = 1; 
00EF:  BSF    08.0
....................       delay_cycles(1); 
00F0:  NOP
....................       high = lcd.data; 
00F1:  MOVF   08,W
00F2:  SWAPF  08,W
00F3:  ANDLW  0F
00F4:  MOVWF  4D
....................       lcd.enable = 0; 
00F5:  BCF    08.0
....................       delay_cycles(1); 
00F6:  NOP
....................       lcd.enable = 1; 
00F7:  BSF    08.0
....................       delay_us(1); 
00F8:  NOP
....................       low = lcd.data; 
00F9:  MOVF   08,W
00FA:  SWAPF  08,W
00FB:  ANDLW  0F
00FC:  MOVWF  4C
....................       lcd.enable = 0; 
00FD:  BCF    08.0
....................       set_tris_lcd(LCD_WRITE); 
00FE:  MOVLW  00
00FF:  BSF    03.5
0100:  MOVWF  08
....................       return( (high<<4) | low); 
0101:  BCF    03.5
0102:  SWAPF  4D,W
0103:  MOVWF  77
0104:  MOVLW  F0
0105:  ANDWF  77,F
0106:  MOVF   77,W
0107:  IORWF  4C,W
0108:  MOVWF  78
.................... } 
0109:  RETLW  00
....................  
....................  
.................... void lcd_send_nibble( BYTE n ) { 
....................       lcd.data = n; 
010A:  SWAPF  4D,W
010B:  ANDLW  F0
010C:  MOVWF  77
010D:  MOVLW  0F
010E:  ANDWF  08,W
010F:  IORWF  77,W
0110:  MOVWF  08
....................       delay_cycles(1); 
0111:  NOP
....................       lcd.enable = 1; 
0112:  BSF    08.0
....................       delay_us(2); 
0113:  GOTO   114
....................       lcd.enable = 0; 
0114:  BCF    08.0
.................... } 
0115:  RETLW  00
....................  
....................  
.................... void lcd_send_byte( BYTE address, BYTE n ) { 
....................  
....................       lcd.rs = 0; 
0116:  BCF    08.1
....................       while ( bit_test(lcd_read_byte(),7) ) ; 
0117:  CALL   0E9
0118:  MOVF   78,W
0119:  MOVWF  4C
011A:  BTFSC  4C.7
011B:  GOTO   117
....................       lcd.rs = address; 
011C:  BTFSS  4A.0
011D:  BCF    08.1
011E:  BTFSC  4A.0
011F:  BSF    08.1
....................       delay_cycles(1); 
0120:  NOP
....................       lcd.rw = 0; 
0121:  BCF    08.2
....................       delay_cycles(1); 
0122:  NOP
....................       lcd.enable = 0; 
0123:  BCF    08.0
....................       lcd_send_nibble(n >> 4); 
0124:  SWAPF  4B,W
0125:  MOVWF  4C
0126:  MOVLW  0F
0127:  ANDWF  4C,F
0128:  MOVF   4C,W
0129:  MOVWF  4D
012A:  CALL   10A
....................       lcd_send_nibble(n & 0xf); 
012B:  MOVF   4B,W
012C:  ANDLW  0F
012D:  MOVWF  4C
012E:  MOVWF  4D
012F:  CALL   10A
.................... } 
0130:  RETLW  00
....................  
....................  
.................... void lcd_init() { 
....................     BYTE i; 
....................     set_tris_lcd(LCD_WRITE); 
*
033B:  MOVLW  00
033C:  BSF    03.5
033D:  MOVWF  08
....................     lcd.rs = 0; 
033E:  BCF    03.5
033F:  BCF    08.1
....................     lcd.rw = 0; 
0340:  BCF    08.2
....................     lcd.enable = 0; 
0341:  BCF    08.0
0342:  CLRF   28
0343:  BTFSC  0B.7
0344:  BSF    28.7
0345:  BCF    0B.7
....................     delay_ms(15); 
0346:  MOVLW  0F
0347:  MOVWF  46
0348:  CALL   143
0349:  BTFSC  28.7
034A:  BSF    0B.7
....................     for(i=1;i<=3;++i) { 
034B:  MOVLW  01
034C:  MOVWF  31
034D:  MOVF   31,W
034E:  SUBLW  03
034F:  BTFSS  03.0
0350:  GOTO   365
0351:  CLRF   28
0352:  BTFSC  0B.7
0353:  BSF    28.7
0354:  BCF    0B.7
....................        lcd_send_nibble(3); 
0355:  MOVLW  03
0356:  MOVWF  4D
0357:  CALL   10A
0358:  BTFSC  28.7
0359:  BSF    0B.7
035A:  CLRF   28
035B:  BTFSC  0B.7
035C:  BSF    28.7
035D:  BCF    0B.7
....................        delay_ms(5); 
035E:  MOVLW  05
035F:  MOVWF  46
0360:  CALL   143
0361:  BTFSC  28.7
0362:  BSF    0B.7
....................     } 
0363:  INCF   31,F
0364:  GOTO   34D
0365:  CLRF   28
0366:  BTFSC  0B.7
0367:  BSF    28.7
0368:  BCF    0B.7
....................     lcd_send_nibble(2); 
0369:  MOVLW  02
036A:  MOVWF  4D
036B:  CALL   10A
036C:  BTFSC  28.7
036D:  BSF    0B.7
....................     for(i=0;i<=3;++i) 
036E:  CLRF   31
036F:  MOVF   31,W
0370:  SUBLW  03
0371:  BTFSS  03.0
0372:  GOTO   382
....................        lcd_send_byte(0,LCD_INIT_STRING[i]); 
0373:  MOVF   31,W
0374:  CALL   033
0375:  MOVWF  32
0376:  CLRF   28
0377:  BTFSC  0B.7
0378:  BSF    28.7
0379:  BCF    0B.7
037A:  CLRF   4A
037B:  MOVF   32,W
037C:  MOVWF  4B
037D:  CALL   116
037E:  BTFSC  28.7
037F:  BSF    0B.7
0380:  INCF   31,F
0381:  GOTO   36F
.................... } 
....................  
....................  
.................... void lcd_gotoxy( BYTE x, BYTE y) { 
....................    BYTE address; 
....................  
....................    if(y!=1) 
*
0131:  DECFSZ 47,W
0132:  GOTO   134
0133:  GOTO   137
....................      address=lcd_line_two; 
0134:  MOVLW  40
0135:  MOVWF  48
....................    else 
0136:  GOTO   138
....................      address=0; 
0137:  CLRF   48
....................    address+=x-1; 
0138:  MOVLW  01
0139:  SUBWF  46,W
013A:  ADDWF  48,F
....................    lcd_send_byte(0,0x80|address); 
013B:  MOVF   48,W
013C:  IORLW  80
013D:  MOVWF  49
013E:  CLRF   4A
013F:  MOVF   49,W
0140:  MOVWF  4B
0141:  CALL   116
.................... } 
0142:  RETLW  00
....................  
.................... void lcd_putc( char c) { 
....................    switch (c) { 
*
0158:  MOVF   45,W
0159:  XORLW  0C
015A:  BTFSC  03.2
015B:  GOTO   163
015C:  XORLW  06
015D:  BTFSC  03.2
015E:  GOTO   16B
015F:  XORLW  02
0160:  BTFSC  03.2
0161:  GOTO   171
0162:  GOTO   176
....................      case '\f'   : lcd_send_byte(0,1); 
0163:  CLRF   4A
0164:  MOVLW  01
0165:  MOVWF  4B
0166:  CALL   116
....................                    delay_ms(2); 
0167:  MOVLW  02
0168:  MOVWF  46
0169:  CALL   143
....................                                            break; 
016A:  GOTO   17C
....................      case '\n'   : lcd_gotoxy(1,2);        break; 
016B:  MOVLW  01
016C:  MOVWF  46
016D:  MOVLW  02
016E:  MOVWF  47
016F:  CALL   131
0170:  GOTO   17C
....................      case '\b'   : lcd_send_byte(0,0x10);  break; 
0171:  CLRF   4A
0172:  MOVLW  10
0173:  MOVWF  4B
0174:  CALL   116
0175:  GOTO   17C
....................      default     : lcd_send_byte(1,c);     break; 
0176:  MOVLW  01
0177:  MOVWF  4A
0178:  MOVF   45,W
0179:  MOVWF  4B
017A:  CALL   116
017B:  GOTO   17C
....................    } 
.................... } 
017C:  RETLW  00
....................  
.................... char lcd_getc( BYTE x, BYTE y) { 
....................    char value; 
....................  
....................     lcd_gotoxy(x,y); 
....................     while ( bit_test(lcd_read_byte(),7) ); // wait until busy flag is low 
....................     lcd.rs=1; 
....................     value = lcd_read_byte(); 
....................     lcd.rs=0; 
....................     return(value); 
.................... } 
....................  
.................... Int32 pulsos; 
.................... float distancia; 
....................  
.................... #use fast_io(B) 
.................... #INT_EXT 
....................          
.................... ext_isr() 
.................... { 
....................     if ((input(PIN_B0)==1)&(input(PIN_B1)==0)) 
*
0284:  MOVLW  00
0285:  BTFSC  06.0
0286:  MOVLW  01
0287:  MOVWF  39
0288:  MOVLW  00
0289:  BTFSS  06.1
028A:  MOVLW  01
028B:  ANDWF  39,W
028C:  BTFSC  03.2
028D:  GOTO   2D2
....................     { 
....................     	pulsos = pulsos+1; 
028E:  MOVLW  01
028F:  ADDWF  29,F
0290:  MOVLW  00
0291:  BTFSC  03.0
0292:  MOVLW  01
0293:  ADDWF  2A,F
0294:  MOVLW  00
0295:  BTFSC  03.0
0296:  MOVLW  01
0297:  ADDWF  2B,F
0298:  MOVLW  00
0299:  BTFSC  03.0
029A:  MOVLW  01
029B:  ADDWF  2C,F
....................     	distancia = (pulsos / 720) * 5; 
029C:  MOVF   2C,W
029D:  MOVWF  48
029E:  MOVF   2B,W
029F:  MOVWF  47
02A0:  MOVF   2A,W
02A1:  MOVWF  46
02A2:  MOVF   29,W
02A3:  MOVWF  45
02A4:  CLRF   4C
02A5:  CLRF   4B
02A6:  MOVLW  02
02A7:  MOVWF  4A
02A8:  MOVLW  D0
02A9:  MOVWF  49
02AA:  CALL   05E
02AB:  MOVF   7A,W
02AC:  MOVWF  3B
02AD:  MOVF   79,W
02AE:  MOVWF  3A
02AF:  MOVF   78,W
02B0:  MOVWF  39
02B1:  MOVF   77,W
02B2:  MOVWF  38
02B3:  MOVF   7A,W
02B4:  MOVWF  3F
02B5:  MOVF   79,W
02B6:  MOVWF  3E
02B7:  MOVF   78,W
02B8:  MOVWF  3D
02B9:  MOVF   77,W
02BA:  MOVWF  3C
02BB:  CLRF   43
02BC:  CLRF   42
02BD:  CLRF   41
02BE:  MOVLW  05
02BF:  MOVWF  40
02C0:  GOTO   0A0
02C1:  MOVF   7A,W
02C2:  MOVWF  3C
02C3:  MOVF   79,W
02C4:  MOVWF  3B
02C5:  MOVF   78,W
02C6:  MOVWF  3A
02C7:  MOVF   77,W
02C8:  MOVWF  39
02C9:  GOTO   0CC
02CA:  MOVF   7A,W
02CB:  MOVWF  30
02CC:  MOVF   79,W
02CD:  MOVWF  2F
02CE:  MOVF   78,W
02CF:  MOVWF  2E
02D0:  MOVF   77,W
02D1:  MOVWF  2D
....................     } 
....................      
....................     if ((input(PIN_B0)==1)&(input(PIN_B1)==1)) 
02D2:  MOVLW  00
02D3:  BTFSC  06.0
02D4:  MOVLW  01
02D5:  MOVWF  39
02D6:  MOVLW  00
02D7:  BTFSC  06.1
02D8:  MOVLW  01
02D9:  ANDWF  39,W
02DA:  BTFSC  03.2
02DB:  GOTO   2EA
....................     { 
....................     	pulsos = pulsos-1; 
02DC:  MOVLW  01
02DD:  SUBWF  29,F
02DE:  MOVLW  00
02DF:  BTFSS  03.0
02E0:  MOVLW  01
02E1:  SUBWF  2A,F
02E2:  MOVLW  00
02E3:  BTFSS  03.0
02E4:  MOVLW  01
02E5:  SUBWF  2B,F
02E6:  MOVLW  00
02E7:  BTFSS  03.0
02E8:  MOVLW  01
02E9:  SUBWF  2C,F
....................     } 
....................      
....................     lcd_gotoxy(1,1); 
02EA:  MOVLW  01
02EB:  MOVWF  46
02EC:  MOVWF  47
02ED:  CALL   131
....................     printf(lcd_putc,"Pulsos=%Ld \n",pulsos);  
02EE:  CLRF   38
02EF:  MOVF   38,W
02F0:  CALL   03B
02F1:  INCF   38,F
02F2:  MOVWF  77
02F3:  MOVWF  45
02F4:  CALL   158
02F5:  MOVLW  07
02F6:  SUBWF  38,W
02F7:  BTFSS  03.2
02F8:  GOTO   2EF
02F9:  MOVLW  41
02FA:  MOVWF  04
02FB:  MOVF   2C,W
02FC:  MOVWF  3C
02FD:  MOVF   2B,W
02FE:  MOVWF  3B
02FF:  MOVF   2A,W
0300:  MOVWF  3A
0301:  MOVF   29,W
0302:  MOVWF  39
0303:  GOTO   17D
0304:  MOVLW  20
0305:  MOVWF  45
0306:  CALL   158
0307:  MOVLW  0A
0308:  MOVWF  45
0309:  CALL   158
....................     printf(lcd_putc,"Distancia=%Ld",distancia); 
030A:  CLRF   38
030B:  MOVF   38,W
030C:  CALL   04C
030D:  INCF   38,F
030E:  MOVWF  77
030F:  MOVWF  45
0310:  CALL   158
0311:  MOVLW  0A
0312:  SUBWF  38,W
0313:  BTFSS  03.2
0314:  GOTO   30B
0315:  MOVLW  10
0316:  MOVWF  04
0317:  MOVF   2E,W
0318:  MOVWF  3A
0319:  MOVF   2D,W
031A:  MOVWF  39
031B:  GOTO   202
.................... } 
....................      
031C:  BCF    0B.1
031D:  BCF    0A.3
031E:  BCF    0A.4
031F:  GOTO   01D
.................... void main() { 
0320:  CLRF   04
0321:  BCF    03.7
0322:  MOVLW  1F
0323:  ANDWF  03,F
0324:  BSF    03.5
0325:  BSF    1F.0
0326:  BSF    1F.1
0327:  BSF    1F.2
0328:  BCF    1F.3
0329:  MOVLW  07
032A:  MOVWF  1C
....................    pulsos = 0; 
032B:  BCF    03.5
032C:  CLRF   2C
032D:  CLRF   2B
032E:  CLRF   2A
032F:  CLRF   29
....................    set_tris_B(0x01);  
0330:  MOVLW  01
0331:  BSF    03.5
0332:  MOVWF  06
....................    port_b_pullups(TRUE); 
0333:  BCF    01.7
....................    enable_interrupts(int_ext); 
0334:  BCF    03.5
0335:  BSF    0B.4
....................    ext_int_edge(L_to_H); 
0336:  BSF    03.5
0337:  BSF    01.6
....................    enable_interrupts(GLOBAL); 
0338:  MOVLW  C0
0339:  BCF    03.5
033A:  IORWF  0B,F
....................    lcd_init(); //Esta es la primera instrucción para inicializar el lcd 
....................     
....................    while(TRUE)  
....................    { 
.................... 	    
....................    } 
*
0382:  GOTO   382
.................... } 
....................      
....................           
0383:  SLEEP

Configuration Fuses:
   Word  1: 3F71   XT NOWDT PUT NODEBUG NOPROTECT BROWNOUT NOLVP NOCPD NOWRT
