CCS PCM C Compiler, Version 4.010, 35536               11-dic.-13 17:39

               Filename: practica02.lst

               ROM used: 264 words (3%)
                         Largest free fragment is 2048
               RAM used: 10 (3%) at main() level
                         20 (5%) worst case
               Stack:    1 locations

*
0000:  MOVLW  00
0001:  MOVWF  0A
0002:  GOTO   075
0003:  NOP
.................... /// Librería del pic con .h 
.................... #include <16f877a.h> 
.................... //////// Standard Header file for the PIC16F877A device //////////////// 
.................... #device PIC16F877A 
.................... #list 
....................  
....................  
.................... /// Configuración del adc a resulción de 10bits          
.................... #device adc=10   
....................  
.................... /// Se configurar el valor del delay con el del clock 
.................... #use delay(clock=4000000) 
*
0004:  MOVLW  24
0005:  MOVWF  04
0006:  BCF    03.7
0007:  MOVF   00,W
0008:  BTFSC  03.2
0009:  GOTO   018
000A:  MOVLW  01
000B:  MOVWF  78
000C:  CLRF   77
000D:  DECFSZ 77,F
000E:  GOTO   00D
000F:  DECFSZ 78,F
0010:  GOTO   00C
0011:  MOVLW  4A
0012:  MOVWF  77
0013:  DECFSZ 77,F
0014:  GOTO   013
0015:  GOTO   016
0016:  DECFSZ 00,F
0017:  GOTO   00A
0018:  RETLW  00
....................  
.................... /// Desactivación de fuses o activación  
.................... #fuses XT,NOWDT,NOPROTECT,NOLVP,PUT 
....................  
.................... /// Se configuran los grupos de pines RA,RC para entrada/salida 
.................... #use standard_io(a) 
.................... #use standard_io(d) 
....................  
.................... /// Variable enteera para las lecturas 
.................... float data; 
....................  
.................... void main() 
.................... {	 
*
0075:  CLRF   04
0076:  BCF    03.7
0077:  MOVLW  1F
0078:  ANDWF  03,F
0079:  BSF    03.5
007A:  BSF    1F.0
007B:  BSF    1F.1
007C:  BSF    1F.2
007D:  BCF    1F.3
007E:  MOVLW  07
007F:  MOVWF  1C
.................... 	/// Se configura el reloj interno que trabaja todo el tiempo 
.................... 	setup_adc(ADC_CLOCK_INTERNAL); 
0080:  BCF    1F.6
0081:  BCF    03.5
0082:  BSF    1F.6
0083:  BSF    1F.7
0084:  BSF    03.5
0085:  BSF    1F.7
0086:  BCF    03.5
0087:  BSF    1F.0
....................  
.................... 	/// Se configuran los pines con AN# para entradas anaogas 
.................... 	setup_adc_ports(ALL_ANALOG); 
0088:  BSF    03.5
0089:  BCF    1F.0
008A:  BCF    1F.1
008B:  BCF    1F.2
008C:  BCF    1F.3
....................  
.................... 	do{ 
.................... 		/// Se configura el canal de entrada AN0 
.................... 		set_adc_channel(0); 
008D:  MOVLW  00
008E:  MOVWF  78
008F:  BCF    03.5
0090:  MOVF   1F,W
0091:  ANDLW  C7
0092:  IORWF  78,W
0093:  MOVWF  1F
....................  
.................... 		///Retardo de 10 milisegundos 
.................... 		delay_ms(10); 
0094:  MOVLW  0A
0095:  MOVWF  24
0096:  CALL   004
....................  
.................... 		/// int read se llena con lo que lee en el adc 
.................... 		data = read_adc(); 
0097:  BSF    1F.2
0098:  BTFSC  1F.2
0099:  GOTO   098
009A:  MOVF   1E,W
009B:  MOVWF  7A
009C:  BSF    03.5
009D:  MOVF   1E,W
009E:  BCF    03.5
009F:  MOVWF  24
00A0:  MOVF   1E,W
00A1:  MOVWF  25
00A2:  CALL   019
00A3:  MOVF   7A,W
00A4:  MOVWF  23
00A5:  MOVF   79,W
00A6:  MOVWF  22
00A7:  MOVF   78,W
00A8:  MOVWF  21
00A9:  MOVF   77,W
00AA:  MOVWF  20
.................... 		 
.................... 		///Retardo 
.................... 		delay_ms(10); 
00AB:  MOVLW  0A
00AC:  MOVWF  24
00AD:  CALL   004
.................... 		 
.................... 		/// Condicional para activar los LED's 
.................... 		if(data > 50) 
00AE:  CLRF   27
00AF:  CLRF   26
00B0:  MOVLW  48
00B1:  MOVWF  25
00B2:  MOVLW  84
00B3:  MOVWF  24
00B4:  MOVF   23,W
00B5:  MOVWF  2B
00B6:  MOVF   22,W
00B7:  MOVWF  2A
00B8:  MOVF   21,W
00B9:  MOVWF  29
00BA:  MOVF   20,W
00BB:  MOVWF  28
00BC:  CALL   036
00BD:  BTFSS  03.0
00BE:  GOTO   0C4
.................... 		{ 
.................... 			output_high(PIN_D0); 
00BF:  BSF    03.5
00C0:  BCF    08.0
00C1:  BCF    03.5
00C2:  BSF    08.0
.................... 		} 
.................... 		else 
00C3:  GOTO   0C8
.................... 		{ 
.................... 			output_low(PIN_D0); 
00C4:  BSF    03.5
00C5:  BCF    08.0
00C6:  BCF    03.5
00C7:  BCF    08.0
.................... 		} 
.................... 		 
.................... 		/// Configuración del el canal de entrada AN1 
.................... 		set_adc_channel(1); 
00C8:  MOVLW  08
00C9:  MOVWF  78
00CA:  MOVF   1F,W
00CB:  ANDLW  C7
00CC:  IORWF  78,W
00CD:  MOVWF  1F
.................... 		 
.................... 		delay_ms(10); 
00CE:  MOVLW  0A
00CF:  MOVWF  24
00D0:  CALL   004
.................... 		 
.................... 		data = read_adc(); 
00D1:  BSF    1F.2
00D2:  BTFSC  1F.2
00D3:  GOTO   0D2
00D4:  MOVF   1E,W
00D5:  MOVWF  7A
00D6:  BSF    03.5
00D7:  MOVF   1E,W
00D8:  BCF    03.5
00D9:  MOVWF  24
00DA:  MOVF   1E,W
00DB:  MOVWF  25
00DC:  CALL   019
00DD:  MOVF   7A,W
00DE:  MOVWF  23
00DF:  MOVF   79,W
00E0:  MOVWF  22
00E1:  MOVF   78,W
00E2:  MOVWF  21
00E3:  MOVF   77,W
00E4:  MOVWF  20
.................... 		 
.................... 		delay_ms(10); 
00E5:  MOVLW  0A
00E6:  MOVWF  24
00E7:  CALL   004
.................... 		 
.................... 		/// Condicional para activar los LED's 
.................... 		if(data > 50) 
00E8:  CLRF   27
00E9:  CLRF   26
00EA:  MOVLW  48
00EB:  MOVWF  25
00EC:  MOVLW  84
00ED:  MOVWF  24
00EE:  MOVF   23,W
00EF:  MOVWF  2B
00F0:  MOVF   22,W
00F1:  MOVWF  2A
00F2:  MOVF   21,W
00F3:  MOVWF  29
00F4:  MOVF   20,W
00F5:  MOVWF  28
00F6:  CALL   036
00F7:  BTFSS  03.0
00F8:  GOTO   0FE
.................... 		{ 
.................... 			output_high(PIN_D1); 
00F9:  BSF    03.5
00FA:  BCF    08.1
00FB:  BCF    03.5
00FC:  BSF    08.1
.................... 		} 
.................... 		else 
00FD:  GOTO   102
.................... 		{ 
.................... 			output_low(PIN_D1); 
00FE:  BSF    03.5
00FF:  BCF    08.1
0100:  BCF    03.5
0101:  BCF    08.1
.................... 		} 
.................... 		 
.................... 		delay_ms(10); 
0102:  MOVLW  0A
0103:  MOVWF  24
0104:  CALL   004
.................... 			 
.................... 	} while(true); 
.................... } 
0105:  BSF    03.5
0106:  GOTO   08D
0107:  SLEEP

Configuration Fuses:
   Word  1: 3F71   XT NOWDT PUT NODEBUG NOPROTECT BROWNOUT NOLVP NOCPD NOWRT
